[INFO] Scanning for projects...
[INFO] 
[INFO] -----------------------< com.team:courseProject >-----------------------
[INFO] Building courseProject 1.0
[INFO]   from pom.xml
[INFO] --------------------------------[ war ]---------------------------------
[INFO] 
[INFO] --- resources:3.3.1:resources (default-resources) @ courseProject ---
[INFO] Copying 1 resource from src\main\resources to target\classes
[INFO] 
[INFO] --- compiler:3.8.1:compile (default-compile) @ courseProject ---
[INFO] Nothing to compile - all classes are up to date
[INFO] ------------------------------------------------------------------------
[INFO] BUILD SUCCESS
[INFO] ------------------------------------------------------------------------
[INFO] Total time:  1.407 s
[INFO] Finished at: 2026-03-19T00:26:24+07:00
[INFO] ------------------------------------------------------------------------
